../Core/Src/main.c:79:6:UserPixelSetFunction	24	static
../Core/Src/main.c:126:6:setPlayerLocation	4	static
../Core/Src/main.c:131:6:MainMenuRefresh	32	static
../Core/Src/main.c:178:6:DrawMazePlayer	56	static
../Core/Src/main.c:207:6:MainMenu	16	static
../Core/Src/main.c:222:6:DrawStatic	40	static
../Core/Src/main.c:246:6:touchInput	8	static
../Core/Src/main.c:263:6:Game	16	static
../Core/Src/main.c:301:5:main	64	static
../Core/Src/main.c:445:6:SystemClock_Config	88	static
../Core/Src/main.c:495:6:Error_Handler	4	static,ignoring_inline_asm
