../Drivers/STM32G4xx_HAL_Driver/Inc/stm32g4xx_ll_tim.h:5447:22:LL_TIM_ClearFlag_UPDATE	16	static
../Drivers/STM32G4xx_HAL_Driver/Inc/stm32g4xx_ll_tim.h:5458:26:LL_TIM_IsActiveFlag_UPDATE	16	static
../Drivers/STM32G4xx_HAL_Driver/Inc/stm32g4xx_ll_tim.h:5935:26:LL_TIM_IsEnabledIT_UPDATE	16	static
../Drivers/STM32G4xx_HAL_Driver/Inc/stm32g4xx_ll_exti.h:1239:26:LL_EXTI_IsActiveFlag_0_31	16	static
../Drivers/STM32G4xx_HAL_Driver/Inc/stm32g4xx_ll_exti.h:1359:22:LL_EXTI_ClearFlag_0_31	16	static
../Core/Src/stm32g4xx_it.c:71:6:NMI_Handler	4	static
../Core/Src/stm32g4xx_it.c:86:6:HardFault_Handler	4	static
../Core/Src/stm32g4xx_it.c:101:6:MemManage_Handler	4	static
../Core/Src/stm32g4xx_it.c:116:6:BusFault_Handler	4	static
../Core/Src/stm32g4xx_it.c:131:6:UsageFault_Handler	4	static
../Core/Src/stm32g4xx_it.c:146:6:SVC_Handler	4	static
../Core/Src/stm32g4xx_it.c:159:6:DebugMon_Handler	4	static
../Core/Src/stm32g4xx_it.c:172:6:PendSV_Handler	4	static
../Core/Src/stm32g4xx_it.c:185:6:SysTick_Handler	8	static
../Core/Src/stm32g4xx_it.c:206:6:DMA1_Channel1_IRQHandler	4	static
../Core/Src/stm32g4xx_it.c:220:6:DMA1_Channel2_IRQHandler	4	static
../Core/Src/stm32g4xx_it.c:234:6:USB_LP_IRQHandler	8	static
../Core/Src/stm32g4xx_it.c:248:6:EXTI9_5_IRQHandler	8	static
../Core/Src/stm32g4xx_it.c:268:6:EXTI15_10_IRQHandler	8	static
../Core/Src/stm32g4xx_it.c:288:6:TIM6_DAC_IRQHandler	8	static
